// Jest Snapshot v1, https://goo.gl/fbAQLP

exports[`JackTokenizer should be able to determine the type of a token 1`] = `
Array [
  "KEYWORD",
  "IDENTIFIER",
  "SYMBOL",
  "KEYWORD",
  "IDENTIFIER",
  "IDENTIFIER",
  "SYMBOL",
  "IDENTIFIER",
  "SYMBOL",
  "KEYWORD",
  "IDENTIFIER",
  "IDENTIFIER",
  "SYMBOL",
  "KEYWORD",
  "IDENTIFIER",
  "IDENTIFIER",
  "SYMBOL",
  "KEYWORD",
  "IDENTIFIER",
  "IDENTIFIER",
  "SYMBOL",
  "IDENTIFIER",
  "SYMBOL",
  "KEYWORD",
  "IDENTIFIER",
  "SYMBOL",
  "IDENTIFIER",
  "SYMBOL",
  "IDENTIFIER",
  "SYMBOL",
  "STRING_CONST",
  "SYMBOL",
  "IDENTIFIER",
  "KEYWORD",
  "IDENTIFIER",
  "SYMBOL",
  "IDENTIFIER",
  "SYMBOL",
  "IDENTIFIER",
  "SYMBOL",
  "IDENTIFIER",
  "SYMBOL",
  "IDENTIFIER",
  "KEYWORD",
  "IDENTIFIER",
  "SYMBOL",
  "INT_CONST",
  "SYMBOL",
  "KEYWORD",
  "IDENTIFIER",
  "IDENTIFIER",
  "SYMBOL",
  "IDENTIFIER",
  "SYMBOL",
  "IDENTIFIER",
  "KEYWORD",
  "IDENTIFIER",
  "SYMBOL",
  "IDENTIFIER",
  "SYMBOL",
  "IDENTIFIER",
  "IDENTIFIER",
  "SYMBOL",
  "IDENTIFIER",
  "SYMBOL",
  "STRING_CONST",
  "SYMBOL",
  "IDENTIFIER",
  "KEYWORD",
  "IDENTIFIER",
  "SYMBOL",
  "IDENTIFIER",
  "SYMBOL",
  "INT_CONST",
  "SYMBOL",
  "IDENTIFIER",
  "KEYWORD",
  "IDENTIFIER",
  "SYMBOL",
  "INT_CONST",
  "SYMBOL",
  "KEYWORD",
  "IDENTIFIER",
  "SYMBOL",
  "INT_CONST",
  "SYMBOL",
  "KEYWORD",
  "IDENTIFIER",
  "IDENTIFIER",
  "SYMBOL",
  "IDENTIFIER",
  "SYMBOL",
  "IDENTIFIER",
  "KEYWORD",
  "IDENTIFIER",
  "SYMBOL",
  "IDENTIFIER",
  "SYMBOL",
  "IDENTIFIER",
  "SYMBOL",
  "IDENTIFIER",
  "SYMBOL",
  "IDENTIFIER",
  "KEYWORD",
  "IDENTIFIER",
  "SYMBOL",
  "IDENTIFIER",
  "SYMBOL",
  "INT_CONST",
  "SYMBOL",
  "IDENTIFIER",
  "KEYWORD",
  "IDENTIFIER",
  "SYMBOL",
  "KEYWORD",
  "IDENTIFIER",
  "STRING_CONST",
  "SYMBOL",
  "IDENTIFIER",
  "KEYWORD",
  "IDENTIFIER",
  "SYMBOL",
  "KEYWORD",
  "IDENTIFIER",
  "IDENTIFIER",
  "SYMBOL",
  "IDENTIFIER",
  "SYMBOL",
  "IDENTIFIER",
  "KEYWORD",
  "IDENTIFIER",
  "SYMBOL",
  "KEYWORD",
  "IDENTIFIER",
  "SYMBOL",
  "IDENTIFIER",
  "KEYWORD",
  "SYMBOL",
  "IDENTIFIER",
  "SYMBOL",
]
`;

exports[`JackTokenizer should be able to tokenize a file 1`] = `
Array [
  "class",
  "Main",
  "{",
  "function",
  "void",
  "main",
  "(",
  ")",
  "{",
  "var",
  "Array",
  "a",
  ";",
  "var",
  "int",
  "length",
  ";",
  "var",
  "int",
  "i",
  ",",
  "sum",
  ";",
  "let",
  "length",
  "=",
  "Keyboard",
  ".",
  "readInt",
  "(",
  "\\"HOW MANY NUMBERS? \\"",
  ")",
  ";",
  "let",
  "a",
  "=",
  "Array",
  ".",
  "new",
  "(",
  "length",
  ")",
  ";",
  "let",
  "i",
  "=",
  "0",
  ";",
  "while",
  "(",
  "i",
  "<",
  "length",
  ")",
  "{",
  "let",
  "a",
  "[",
  "i",
  "]",
  "=",
  "Keyboard",
  ".",
  "readInt",
  "(",
  "\\"ENTER THE NEXT NUMBER: \\"",
  ")",
  ";",
  "let",
  "i",
  "=",
  "i",
  "+",
  "1",
  ";",
  "}",
  "let",
  "i",
  "=",
  "0",
  ";",
  "let",
  "sum",
  "=",
  "0",
  ";",
  "while",
  "(",
  "i",
  "<",
  "length",
  ")",
  "{",
  "let",
  "sum",
  "=",
  "sum",
  "+",
  "a",
  "[",
  "i",
  "]",
  ";",
  "let",
  "i",
  "=",
  "i",
  "+",
  "1",
  ";",
  "}",
  "do",
  "Output",
  ".",
  "printString",
  "(",
  "\\"THE AVERAGE IS: \\"",
  ")",
  ";",
  "do",
  "Output",
  ".",
  "printInt",
  "(",
  "sum",
  "/",
  "length",
  ")",
  ";",
  "do",
  "Output",
  ".",
  "println",
  "(",
  ")",
  ";",
  "return",
  ";",
  "}",
  "}",
]
`;
